../Core/Src/main.c:76:5:main	8	static
../Core/Src/main.c:133:6:SystemClock_Config	88	static
../Core/Src/main.c:180:13:MX_TIM2_Init	32	static
../Core/Src/main.c:225:13:MX_TIM3_Init	32	static
../Core/Src/main.c:270:13:MX_TIM4_Init	32	static
../Core/Src/main.c:315:13:MX_TIM5_Init	64	static
../Core/Src/main.c:374:13:MX_USART2_UART_Init	8	static
../Core/Src/main.c:407:13:MX_GPIO_Init	48	static
../Core/Src/main.c:451:6:HAL_GPIO_EXTI_Callback	16	static,ignoring_inline_asm
../Core/Src/main.c:461:6:HAL_TIM_PeriodElapsedCallback	16	static
../Core/Src/main.c:484:6:Error_Handler	4	static,ignoring_inline_asm
